// Jest Snapshot v1, https://goo.gl/fbAQLP

exports[`<InfoPicker /> renders the InfoPicker correctly 1`] = `
<DocumentFragment>
  <div
    class="info-picker horizontal"
  >
    <div
      class="base-settings pf-c-form"
    >
      <div
        class="pf-c-form__group"
      >
        <label
          class="pf-c-form__label"
          for="groupId"
        >
          <span
            class="pf-c-form__label-text"
          >
            Group
          </span>
        </label>
        <input
          aria-invalid="false"
          aria-label="Edit groupId"
          autocomplete="off"
          class="pf-c-form-control"
          id="groupId"
          name="groupId"
          pattern="^([a-zA-Z_$][a-zA-Z\\\\d_$]*\\\\.)*[a-zA-Z_$][a-zA-Z\\\\d_$]*$"
          required=""
          type="text"
          value="org.test"
        />
      </div>
      <div
        class="pf-c-form__group"
      >
        <label
          class="pf-c-form__label"
          for="artifactId"
        >
          <span
            class="pf-c-form__label-text"
          >
            Artifact
          </span>
        </label>
        <input
          aria-invalid="false"
          aria-label="Edit artifactId"
          autocomplete="off"
          class="pf-c-form-control"
          id="artifactId"
          name="artifactId"
          pattern="^[a-z][a-z0-9-.]{3,63}$"
          required=""
          type="text"
          value="test"
        />
      </div>
    </div>
    <div
      class="toggle-panel horizontal "
    >
      <div
        class="extended-settings pf-c-form"
      >
        <div
          class="pf-c-form__group"
        >
          <label
            class="pf-c-form__label"
            for="version"
          >
            <span
              class="pf-c-form__label-text"
            >
              Version
            </span>
          </label>
          <input
            aria-invalid="false"
            aria-label="Edit version"
            autocomplete="off"
            class="pf-c-form-control"
            id="version"
            name="version"
            required=""
            type="text"
            value="1.0.0"
          />
        </div>
        <div
          class="pf-c-form__group"
        >
          <label
            class="pf-c-form__label"
            for="packageName"
          >
            <span
              class="pf-c-form__label-text"
            >
              Package Name
            </span>
          </label>
          <input
            aria-invalid="false"
            aria-label="Edit package name"
            autocomplete="off"
            class="pf-c-form-control"
            id="packageName"
            name="packageName"
            pattern="^([a-zA-Z_$][a-zA-Z\\\\d_$]*\\\\.)*[a-zA-Z_$][a-zA-Z\\\\d_$]*$"
            required=""
            type="text"
            value="org.test"
          />
        </div>
      </div>
    </div>
    <div
      class="toggle-button"
    >
      <a
        aria-disabled="false"
        aria-label="Toggle panel"
        class="pf-c-button pf-m-link"
      >
        <span>
          <svg
            aria-hidden="true"
            fill="currentColor"
            height="1em"
            role="img"
            style="vertical-align: -0.125em;"
            viewBox="0 0 448 512"
            width="1em"
          >
            <path
              d="M48 32h352c26.51 0 48 21.49 48 48v352c0 26.51-21.49 48-48 48H48c-26.51 0-48-21.49-48-48V80c0-26.51 21.49-48 48-48zm140.485 355.515l123.029-123.029c4.686-4.686 4.686-12.284 0-16.971l-123.029-123.03c-7.56-7.56-20.485-2.206-20.485 8.485v246.059c0 10.691 12.926 16.045 20.485 8.486z"
              transform=""
            />
          </svg>
           Configure more options
        </span>
      </a>
    </div>
  </div>
</DocumentFragment>
`;
