// Jest Snapshot v1, https://goo.gl/fbAQLP

exports[`Let user Generate default application 1`] = `"/api/download?g=org.acme&a=code-with-quarkus&v=1.0.0-SNAPSHOT&b=MAVEN&c=org.acme.ExampleResource&"`;

exports[`Let user customize an Application and Generate it 1`] = `"/api/download?g=io.test.group&a=custom-test-app&v=1.0.0-TEST&b=MAVEN&c=io.test.pack.ExampleResource&e=io.quarkus%3Aquarkus-arc&e=io.quarkus%3Aquarkus-resteasy&e=io.quarkus%3Aquarkus-resteasy-jackson"`;
