// Jest Snapshot v1, https://goo.gl/fbAQLP

exports[`<DebouncedTextInput /> renders the ExtendedTextInput correctly 1`] = `
<DocumentFragment>
  <input
    aria-invalid="false"
    aria-label="debounced-input"
    class="pf-c-form-control"
    type="text"
    value="toto"
  />
</DocumentFragment>
`;
